fof(propform_bot_test,conjecture,elem(propbot,propform),"test/examples/datatype.tex 10:1").
fof(propform_propbot_intro,axiom,elem(propbot,propform)).
fof(propform_propvar_intro,axiom,![Xn]:(elem(Xn,cons(emptyset,emptyset))=>elem(propvar(Xn),propform))).
fof(propform_propto_intro,axiom,![Xp,Xq]:((elem(Xp,propform)&elem(Xq,propform))=>elem(propto(Xp,Xq),propform))).
fof(propform_propbot_propvar_distinct,axiom,![Xn_rhs]:propbot!=propvar(Xn_rhs)).
fof(propform_propbot_propto_distinct,axiom,![Xp_rhs,Xq_rhs]:propbot!=propto(Xp_rhs,Xq_rhs)).
fof(propform_propvar_propto_distinct,axiom,![Xn,Xp_rhs,Xq_rhs]:propvar(Xn)!=propto(Xp_rhs,Xq_rhs)).
fof(propform_propvar_injective,axiom,![Xn,Xn_rhs]:(propvar(Xn)=propvar(Xn_rhs)=>Xn=Xn_rhs)).
fof(propform_propto_injective,axiom,![Xp,Xq,Xp_rhs,Xq_rhs]:(propto(Xp,Xq)=propto(Xp_rhs,Xq_rhs)=>(Xp=Xp_rhs&Xq=Xq_rhs))).
fof(propform_cases,axiom,![Xx]:(elem(Xx,propform)=>(Xx=propbot|?[Xn]:(elem(Xn,cons(emptyset,emptyset))&Xx=propvar(Xn))|?[Xp,Xq]:(elem(Xp,propform)&elem(Xq,propform)&Xx=propto(Xp,Xq))))).
fof(propform_induct,axiom,![XS]:((elem(propbot,XS)&![Xn]:(elem(Xn,cons(emptyset,emptyset))=>elem(propvar(Xn),XS))&![Xp,Xq]:((elem(Xp,XS)&elem(Xq,XS))=>elem(propto(Xp,Xq),XS)))=>![Xx]:(elem(Xx,propform)=>elem(Xx,XS)))).
------------------
fof(propform_var_test,conjecture,elem(emptyset,cons(emptyset,emptyset))=>elem(propvar(emptyset),propform),"test/examples/datatype.tex 14:1").
fof(propform_bot_test,axiom,elem(propbot,propform)).
fof(propform_propbot_intro,axiom,elem(propbot,propform)).
fof(propform_propvar_intro,axiom,![Xn]:(elem(Xn,cons(emptyset,emptyset))=>elem(propvar(Xn),propform))).
fof(propform_propto_intro,axiom,![Xp,Xq]:((elem(Xp,propform)&elem(Xq,propform))=>elem(propto(Xp,Xq),propform))).
fof(propform_propbot_propvar_distinct,axiom,![Xn_rhs]:propbot!=propvar(Xn_rhs)).
fof(propform_propbot_propto_distinct,axiom,![Xp_rhs,Xq_rhs]:propbot!=propto(Xp_rhs,Xq_rhs)).
fof(propform_propvar_propto_distinct,axiom,![Xn,Xp_rhs,Xq_rhs]:propvar(Xn)!=propto(Xp_rhs,Xq_rhs)).
fof(propform_propvar_injective,axiom,![Xn,Xn_rhs]:(propvar(Xn)=propvar(Xn_rhs)=>Xn=Xn_rhs)).
fof(propform_propto_injective,axiom,![Xp,Xq,Xp_rhs,Xq_rhs]:(propto(Xp,Xq)=propto(Xp_rhs,Xq_rhs)=>(Xp=Xp_rhs&Xq=Xq_rhs))).
fof(propform_cases,axiom,![Xx]:(elem(Xx,propform)=>(Xx=propbot|?[Xn]:(elem(Xn,cons(emptyset,emptyset))&Xx=propvar(Xn))|?[Xp,Xq]:(elem(Xp,propform)&elem(Xq,propform)&Xx=propto(Xp,Xq))))).
fof(propform_induct,axiom,![XS]:((elem(propbot,XS)&![Xn]:(elem(Xn,cons(emptyset,emptyset))=>elem(propvar(Xn),XS))&![Xp,Xq]:((elem(Xp,XS)&elem(Xq,XS))=>elem(propto(Xp,Xq),XS)))=>![Xx]:(elem(Xx,propform)=>elem(Xx,XS)))).
------------------
fof(propform_imp_test,conjecture,elem(propto(propbot,propbot),propform),"test/examples/datatype.tex 18:1").
fof(propform_var_test,axiom,elem(emptyset,cons(emptyset,emptyset))=>elem(propvar(emptyset),propform)).
fof(propform_bot_test,axiom,elem(propbot,propform)).
fof(propform_propbot_intro,axiom,elem(propbot,propform)).
fof(propform_propvar_intro,axiom,![Xn]:(elem(Xn,cons(emptyset,emptyset))=>elem(propvar(Xn),propform))).
fof(propform_propto_intro,axiom,![Xp,Xq]:((elem(Xp,propform)&elem(Xq,propform))=>elem(propto(Xp,Xq),propform))).
fof(propform_propbot_propvar_distinct,axiom,![Xn_rhs]:propbot!=propvar(Xn_rhs)).
fof(propform_propbot_propto_distinct,axiom,![Xp_rhs,Xq_rhs]:propbot!=propto(Xp_rhs,Xq_rhs)).
fof(propform_propvar_propto_distinct,axiom,![Xn,Xp_rhs,Xq_rhs]:propvar(Xn)!=propto(Xp_rhs,Xq_rhs)).
fof(propform_propvar_injective,axiom,![Xn,Xn_rhs]:(propvar(Xn)=propvar(Xn_rhs)=>Xn=Xn_rhs)).
fof(propform_propto_injective,axiom,![Xp,Xq,Xp_rhs,Xq_rhs]:(propto(Xp,Xq)=propto(Xp_rhs,Xq_rhs)=>(Xp=Xp_rhs&Xq=Xq_rhs))).
fof(propform_cases,axiom,![Xx]:(elem(Xx,propform)=>(Xx=propbot|?[Xn]:(elem(Xn,cons(emptyset,emptyset))&Xx=propvar(Xn))|?[Xp,Xq]:(elem(Xp,propform)&elem(Xq,propform)&Xx=propto(Xp,Xq))))).
fof(propform_induct,axiom,![XS]:((elem(propbot,XS)&![Xn]:(elem(Xn,cons(emptyset,emptyset))=>elem(propvar(Xn),XS))&![Xp,Xq]:((elem(Xp,XS)&elem(Xq,XS))=>elem(propto(Xp,Xq),XS)))=>![Xx]:(elem(Xx,propform)=>elem(Xx,XS)))).
------------------
fof(propform_distinct_test,conjecture,propbot!=propto(propbot,propbot),"test/examples/datatype.tex 22:1").
fof(propform_imp_test,axiom,elem(propto(propbot,propbot),propform)).
fof(propform_var_test,axiom,elem(emptyset,cons(emptyset,emptyset))=>elem(propvar(emptyset),propform)).
fof(propform_bot_test,axiom,elem(propbot,propform)).
fof(propform_propbot_intro,axiom,elem(propbot,propform)).
fof(propform_propvar_intro,axiom,![Xn]:(elem(Xn,cons(emptyset,emptyset))=>elem(propvar(Xn),propform))).
fof(propform_propto_intro,axiom,![Xp,Xq]:((elem(Xp,propform)&elem(Xq,propform))=>elem(propto(Xp,Xq),propform))).
fof(propform_propbot_propvar_distinct,axiom,![Xn_rhs]:propbot!=propvar(Xn_rhs)).
fof(propform_propbot_propto_distinct,axiom,![Xp_rhs,Xq_rhs]:propbot!=propto(Xp_rhs,Xq_rhs)).
fof(propform_propvar_propto_distinct,axiom,![Xn,Xp_rhs,Xq_rhs]:propvar(Xn)!=propto(Xp_rhs,Xq_rhs)).
fof(propform_propvar_injective,axiom,![Xn,Xn_rhs]:(propvar(Xn)=propvar(Xn_rhs)=>Xn=Xn_rhs)).
fof(propform_propto_injective,axiom,![Xp,Xq,Xp_rhs,Xq_rhs]:(propto(Xp,Xq)=propto(Xp_rhs,Xq_rhs)=>(Xp=Xp_rhs&Xq=Xq_rhs))).
fof(propform_cases,axiom,![Xx]:(elem(Xx,propform)=>(Xx=propbot|?[Xn]:(elem(Xn,cons(emptyset,emptyset))&Xx=propvar(Xn))|?[Xp,Xq]:(elem(Xp,propform)&elem(Xq,propform)&Xx=propto(Xp,Xq))))).
fof(propform_induct,axiom,![XS]:((elem(propbot,XS)&![Xn]:(elem(Xn,cons(emptyset,emptyset))=>elem(propvar(Xn),XS))&![Xp,Xq]:((elem(Xp,XS)&elem(Xq,XS))=>elem(propto(Xp,Xq),XS)))=>![Xx]:(elem(Xx,propform)=>elem(Xx,XS)))).
------------------
fof(propform_injective_test,conjecture,propvar(fx)=propvar(fy)=>fx=fy,"test/examples/datatype.tex 26:1").
fof(propform_distinct_test,axiom,propbot!=propto(propbot,propbot)).
fof(propform_imp_test,axiom,elem(propto(propbot,propbot),propform)).
fof(propform_var_test,axiom,elem(emptyset,cons(emptyset,emptyset))=>elem(propvar(emptyset),propform)).
fof(propform_bot_test,axiom,elem(propbot,propform)).
fof(propform_propbot_intro,axiom,elem(propbot,propform)).
fof(propform_propvar_intro,axiom,![Xn]:(elem(Xn,cons(emptyset,emptyset))=>elem(propvar(Xn),propform))).
fof(propform_propto_intro,axiom,![Xp,Xq]:((elem(Xp,propform)&elem(Xq,propform))=>elem(propto(Xp,Xq),propform))).
fof(propform_propbot_propvar_distinct,axiom,![Xn_rhs]:propbot!=propvar(Xn_rhs)).
fof(propform_propbot_propto_distinct,axiom,![Xp_rhs,Xq_rhs]:propbot!=propto(Xp_rhs,Xq_rhs)).
fof(propform_propvar_propto_distinct,axiom,![Xn,Xp_rhs,Xq_rhs]:propvar(Xn)!=propto(Xp_rhs,Xq_rhs)).
fof(propform_propvar_injective,axiom,![Xn,Xn_rhs]:(propvar(Xn)=propvar(Xn_rhs)=>Xn=Xn_rhs)).
fof(propform_propto_injective,axiom,![Xp,Xq,Xp_rhs,Xq_rhs]:(propto(Xp,Xq)=propto(Xp_rhs,Xq_rhs)=>(Xp=Xp_rhs&Xq=Xq_rhs))).
fof(propform_cases,axiom,![Xx]:(elem(Xx,propform)=>(Xx=propbot|?[Xn]:(elem(Xn,cons(emptyset,emptyset))&Xx=propvar(Xn))|?[Xp,Xq]:(elem(Xp,propform)&elem(Xq,propform)&Xx=propto(Xp,Xq))))).
fof(propform_induct,axiom,![XS]:((elem(propbot,XS)&![Xn]:(elem(Xn,cons(emptyset,emptyset))=>elem(propvar(Xn),XS))&![Xp,Xq]:((elem(Xp,XS)&elem(Xq,XS))=>elem(propto(Xp,Xq),XS)))=>![Xx]:(elem(Xx,propform)=>elem(Xx,XS)))).